// Vitest Snapshot v1, https://vitest.dev/guide/snapshot.html

exports[`Header > renders 1`] = `
<div>
  <header>
    <h1
      class="f1"
    >
      RoboFriends
    </h1>
    <div
      class="pa2"
    >
      <input
        class="pa3 ba b--green bg-lightest-blue tc"
        id="search"
        placeholder="search robots"
        type="search"
      />
    </div>
  </header>
</div>
`;
